{
    "coffee": true,
    "options": ["a", "b", "c"]
}
